Persons.Other,Persons.Name,Persons.PersonID
hello,Person_5,5
hello,Person_4,8
hello,Person_4,6
hello,Person_4,4
hello,Person_4a,4

Persons.Other,Persons.Name,Persons.PersonID
hello,Person_5,5
hello,Person_4,8
hello,Person_4,6
hello,Person_4,4
hello,Person_4a,4
helloA,Person_4a,5

Persons.Other,Persons.Name,Persons.PersonID
hello,Person_5,5
hello,Person_4,8
hello,Person_4,6
hello,Person_4,4
hello,Person_4a,4
helloA,Person_4a,5

Persons.Other,Persons.Name,Persons.PersonID
hello,Person_5,5
hello,Person_4,8
hello,Person_4,6
hello,Person_4,4
hello,Person_4a,4
helloA,Person_4a,5

Persons.Other,Persons.Name,Persons.PersonID
hello,Person_5,5
hello,Person_4,8
hello,Person_4,6
hello,Person_4,4
hello,Person_4a,6
helloA,Person_4a,5

