Persons.Name,Persons.PersonID
Person_5,5
Person_4,4
NULL,7
NULL,6
Person_9,NULL
Person_8,NULL

Persons.Name,Persons.PersonID
Person_9,NULL
Person_8,NULL

Persons.Name,Persons.PersonID
Person_5,5
Person_4,4
NULL,7
NULL,6

Persons.Name,Persons.PersonID
Person_5,5
Person_4,4
NULL,7
NULL,6

Persons.Name,Persons.PersonID

Persons.Name,Persons.PersonID
NULL,7
NULL,6

Persons.Name,Persons.PersonID
Person_5,5
Person_4,4
Person_9,NULL
Person_8,NULL

Persons2.Name,Persons2.PersonID
Person_5,5
Person_4,4
NULL,7
NULL,6
