Conn2.Name,Conn2.ConnID,Conn.Name,Conn.ConnID,Persons.Name,Persons.PersonID
Conn2_8,8,Conn_8,8,Person_8,8
Conn2_5,5,Conn_5,5,Person_5,5

Conn.Name,Conn.ConnID,Persons.Name,Persons.PersonID
Conn_8,8,Person_8,8
Conn_5,5,Person_5,5

Conn.Name,Conn.ConnID,Persons.Name,Persons.PersonID
Conn_5,5,Person_5,5

Conn.Name,Conn.ConnID,Persons.Name,Persons.PersonID
Conn_19,8,Person_8,8
Conn_5,5,Person_5,5

